@1 p(1) q(1)
@2 p(1)
@3 q(1)
@4